[debug] [2026-06-28T23:37:22.616Z] ----------------------------------------------------------------------
[debug] [2026-06-28T23:37:22.617Z] Command:       /home/romain/.nvm/versions/node/v24.15.0/bin/node /home/romain/.nvm/versions/node/v24.15.0/bin/firebase emulators:start
[debug] [2026-06-28T23:37:22.618Z] CLI Version:   15.20.0
[debug] [2026-06-28T23:37:22.618Z] Platform:      linux
[debug] [2026-06-28T23:37:22.618Z] Node Version:  v24.15.0
[debug] [2026-06-28T23:37:22.618Z] Time:          Mon Jun 29 2026 01:37:22 GMT+0200 (Central European Summer Time)
[debug] [2026-06-28T23:37:22.618Z] ----------------------------------------------------------------------
[debug] 
[debug] [2026-06-28T23:37:23.099Z] > command requires scopes: ["email","openid","https://www.googleapis.com/auth/cloudplatformprojects.readonly","https://www.googleapis.com/auth/firebase","https://www.googleapis.com/auth/cloud-platform"]
[debug] [2026-06-28T23:37:23.099Z] > authorizing via signed-in user (romain.noyer@gmail.com)
[info] i  emulators: Starting emulators: functions, extensions {"metadata":{"emulator":{"name":"hub"},"message":"Starting emulators: functions, extensions"}}
[debug] [2026-06-28T23:37:23.102Z] Checked if tokens are valid: true, expires at: 1782692662016
[debug] [2026-06-28T23:37:23.102Z] Checked if tokens are valid: true, expires at: 1782692662016
[debug] [2026-06-28T23:37:23.103Z] >>> [apiv2][query] GET https://cloudresourcemanager.googleapis.com/v1/projects/bike-eco-641ed [none]
[debug] [2026-06-28T23:37:23.861Z] <<< [apiv2][status] GET https://cloudresourcemanager.googleapis.com/v1/projects/bike-eco-641ed 200
[debug] [2026-06-28T23:37:23.861Z] <<< [apiv2][body] GET https://cloudresourcemanager.googleapis.com/v1/projects/bike-eco-641ed {"projectNumber":"671158589631","projectId":"bike-eco-641ed","lifecycleState":"ACTIVE","name":"bike-eco","labels":{"firebase":"enabled","firebase-core":"disabled"},"createTime":"2026-06-16T20:36:14.353Z"}
[debug] [2026-06-28T23:37:23.864Z] [logging] Logging Emulator only supports listening on one address (127.0.0.1). Not listening on ::1
[debug] [2026-06-28T23:37:23.864Z] assigned listening specs for emulators {"user":{"hub":[{"address":"127.0.0.1","family":"IPv4","port":4400},{"address":"::1","family":"IPv6","port":4400}],"ui":[{"address":"127.0.0.1","family":"IPv4","port":4000},{"address":"::1","family":"IPv6","port":4000}],"logging":[{"address":"127.0.0.1","family":"IPv4","port":4500}]},"metadata":{"message":"assigned listening specs for emulators"}}
[debug] [2026-06-28T23:37:23.867Z] Write emulator hub locator at /tmp/hub-bike-eco-641ed.json
[debug] [2026-06-28T23:37:23.870Z] [Extensions] Started Extensions emulator, this is a noop.
[debug] [2026-06-28T23:37:23.871Z] [eventarc] Eventarc Emulator only supports listening on one address (127.0.0.1). Not listening on ::1
[debug] [2026-06-28T23:37:23.871Z] [tasks] Cloud Tasks Emulator only supports listening on one address (127.0.0.1). Not listening on ::1
[debug] [2026-06-28T23:37:23.871Z] late-assigned ports for functions and eventarc emulators {"user":{"hub":[{"address":"127.0.0.1","family":"IPv4","port":4400},{"address":"::1","family":"IPv6","port":4400}],"ui":[{"address":"127.0.0.1","family":"IPv4","port":4000},{"address":"::1","family":"IPv6","port":4000}],"logging":[{"address":"127.0.0.1","family":"IPv4","port":4500}],"functions":[{"address":"0.0.0.0","family":"IPv4","port":5001}],"eventarc":[{"address":"127.0.0.1","family":"IPv4","port":9299}],"tasks":[{"address":"127.0.0.1","family":"IPv4","port":9499}]},"metadata":{"message":"late-assigned ports for functions and eventarc emulators"}}
[warn] ⚠  functions: The following emulators are not running, calls to these services from the Functions emulator will affect production: apphosting, auth, firestore, database, hosting, pubsub, storage, dataconnect {"metadata":{"emulator":{"name":"functions"},"message":"The following emulators are not running, calls to these services from the Functions emulator will affect production: \u001b[1mapphosting, auth, firestore, database, hosting, pubsub, storage, dataconnect\u001b[22m"}}
[debug] [2026-06-28T23:37:24.041Z] defaultcredentials: writing to file /home/romain/.config/firebase/romain_noyer_gmail.com_application_default_credentials.json
[debug] [2026-06-28T23:37:24.044Z] Setting GAC to /home/romain/.config/firebase/romain_noyer_gmail.com_application_default_credentials.json {"metadata":{"emulator":{"name":"functions"},"message":"Setting GAC to /home/romain/.config/firebase/romain_noyer_gmail.com_application_default_credentials.json"}}
[debug] [2026-06-28T23:37:24.045Z] Checked if tokens are valid: true, expires at: 1782692662016
[debug] [2026-06-28T23:37:24.045Z] Checked if tokens are valid: true, expires at: 1782692662016
[debug] [2026-06-28T23:37:24.046Z] >>> [apiv2][query] GET https://firebase.googleapis.com/v1beta1/projects/bike-eco-641ed/adminSdkConfig [none]
[debug] [2026-06-28T23:37:24.468Z] <<< [apiv2][status] GET https://firebase.googleapis.com/v1beta1/projects/bike-eco-641ed/adminSdkConfig 200
[debug] [2026-06-28T23:37:24.468Z] <<< [apiv2][body] GET https://firebase.googleapis.com/v1beta1/projects/bike-eco-641ed/adminSdkConfig {"projectId":"bike-eco-641ed","storageBucket":"bike-eco-641ed.firebasestorage.app"}
[debug] [2026-06-28T23:37:24.492Z] [Extensions] Connecting Extensions emulator, this is a noop.
[info] i  functions: Watching "/home/romain/Code/bike-eco/functions" for Cloud Functions... {"metadata":{"emulator":{"name":"functions"},"message":"Watching \"/home/romain/Code/bike-eco/functions\" for Cloud Functions..."}}
[debug] [2026-06-28T23:37:24.494Z] Validating nodejs source
[debug] [2026-06-28T23:37:24.838Z] > [functions] package.json contents: {
  "name": "functions",
  "scripts": {
    "lint": "eslint .",
    "build": "tsc",
    "build:watch": "tsc --watch",
    "serve": "npm run build && firebase emulators:start --only functions",
    "shell": "npm run build && firebase functions:shell",
    "start": "npm run shell",
    "deploy": "firebase deploy --only functions",
    "logs": "firebase functions:log"
  },
  "engines": {
    "node": "24"
  },
  "main": "lib/index.js",
  "dependencies": {
    "busboy": "^1.6.0",
    "firebase-admin": "^13.6.0",
    "firebase-functions": "^7.0.0",
    "nodemailer": "^9.0.1",
    "zod": "^4.4.3"
  },
  "devDependencies": {
    "@eslint/js": "^9.39.4",
    "@types/busboy": "^1.5.4",
    "@types/nodemailer": "^8.0.1",
    "eslint": "^9.39.4",
    "firebase-functions-test": "^3.4.1",
    "typescript": "^6.0.0",
    "typescript-eslint": "^8.62.0"
  },
  "private": true
}
[debug] [2026-06-28T23:37:24.838Z] Building nodejs source
[debug] [2026-06-28T23:37:24.838Z] Failed to find version of module node: reached end of search path /home/romain/Code/bike-eco/functions/node_modules
[info] ✔  functions: Using node@24 from host. 
[debug] [2026-06-28T23:37:24.840Z] Could not find functions.yaml. Must use http discovery
[debug] [2026-06-28T23:37:24.843Z] Found firebase-functions binary at '/home/romain/Code/bike-eco/functions/node_modules/.bin/firebase-functions'
[info] Serving at port 8484

[debug] [2026-06-28T23:37:25.132Z] Got response from /__/functions.yaml {"endpoints":{"sendB2cSubmission":{"availableMemoryMb":512,"timeoutSeconds":null,"minInstances":null,"maxInstances":10,"ingressSettings":null,"concurrency":15,"serviceAccountEmail":null,"vpc":null,"platform":"gcfv2","secretEnvironmentVariables":[{"key":"SMTP_HOST"},{"key":"SMTP_PORT"},{"key":"SMTP_USER"},{"key":"SMTP_PASS"}],"labels":{},"httpsTrigger":{},"entryPoint":"sendB2cSubmission"}},"specVersion":"v1alpha1","requiredAPIs":[],"extensions":{},"params":[{"type":"secret","name":"SMTP_HOST"},{"type":"secret","name":"SMTP_PORT"},{"type":"secret","name":"SMTP_USER"},{"type":"secret","name":"SMTP_PASS"}]}
[debug] [2026-06-28T23:37:29.156Z] defaultcredentials: writing to file /home/romain/.config/firebase/romain_noyer_gmail.com_application_default_credentials.json
[debug] [2026-06-28T23:37:29.156Z] Setting GAC to /home/romain/.config/firebase/romain_noyer_gmail.com_application_default_credentials.json {"metadata":{"emulator":{"name":"functions"},"message":"Setting GAC to /home/romain/.config/firebase/romain_noyer_gmail.com_application_default_credentials.json"}}
[info] ✔  functions: Loaded functions definitions from source: sendB2cSubmission. {"metadata":{"emulator":{"name":"functions"},"message":"Loaded functions definitions from source: sendB2cSubmission."}}
[info] ✔  functions[us-central1-sendB2cSubmission]: http function initialized (http://127.0.0.1:5001/bike-eco-641ed/us-central1/sendB2cSubmission). {"metadata":{"emulator":{"name":"functions"},"message":"\u001b[1mhttp\u001b[22m function initialized (http://127.0.0.1:5001/bike-eco-641ed/us-central1/sendB2cSubmission)."}}
[debug] [2026-06-28T23:37:29.169Z] Could not find VSCode notification endpoint: FetchError: request to http://localhost:40001/vscode/notify failed, reason: connect ECONNREFUSED 127.0.0.1:40001. If you are not running the Firebase SQL Connect VSCode extension, this is expected and not an issue.
[info] 
┌─────────────────────────────────────────────────────────────┐
│ ✔  All emulators ready! It is now safe to connect your app. │
│ i  View Emulator UI at http://127.0.0.1:4000/               │
└─────────────────────────────────────────────────────────────┘

┌────────────┬──────────────┬──────────────────────────────────┐
│ Emulator   │ Host:Port    │ View in Emulator UI              │
├────────────┼──────────────┼──────────────────────────────────┤
│ Functions  │ 0.0.0.0:5001 │ http://127.0.0.1:4000/functions  │
├────────────┼──────────────┼──────────────────────────────────┤
│ Extensions │ 0.0.0.0:5001 │ http://127.0.0.1:4000/extensions │
└────────────┴──────────────┴──────────────────────────────────┘
  Emulator Hub host: 127.0.0.1 port: 4400
  Other reserved ports: 4500
┌─────────────────────────┬───────────────┬─────────────────────┐
│ Extension Instance Name │ Extension Ref │ View in Emulator UI │
└─────────────────────────┴───────────────┴─────────────────────┘
Issues? Report them at https://github.com/firebase/firebase-tools/issues and attach the *-debug.log files.
 
[debug] [2026-06-28T23:37:38.627Z] [work-queue] {"queuedWork":["/bike-eco-641ed/us-central1/sendB2cSubmission-2026-06-28T23:37:38.627Z"],"queueLength":1,"runningWork":[],"workRunningCount":0}
[debug] [2026-06-28T23:37:38.627Z] [work-queue] {"queuedWork":[],"queueLength":0,"runningWork":["/bike-eco-641ed/us-central1/sendB2cSubmission-2026-06-28T23:37:38.627Z"],"workRunningCount":1}
[debug] [2026-06-28T23:37:38.628Z] Accepted request POST /bike-eco-641ed/us-central1/sendB2cSubmission --> us-central1-sendB2cSubmission
[debug] [2026-06-28T23:37:38.629Z] [functions] Runtime ready! Sending request! {"metadata":{"emulator":{"name":"functions"},"message":"[functions] Runtime ready! Sending request!"}}
[debug] [2026-06-28T23:37:38.629Z] [functions] Got req.url=/bike-eco-641ed/us-central1/sendB2cSubmission, mapping to path=/ {"metadata":{"emulator":{"name":"functions"},"message":"[functions] Got req.url=/bike-eco-641ed/us-central1/sendB2cSubmission, mapping to path=/"}}
[debug] [2026-06-28T23:37:38.640Z] [worker-pool] addWorker(us-central1-sendB2cSubmission) {"metadata":{"emulator":{"name":"functions"},"message":"[worker-pool] addWorker(us-central1-sendB2cSubmission)"}}
[debug] [2026-06-28T23:37:38.640Z] [worker-pool] Adding worker with key us-central1-sendB2cSubmission, total=1 {"metadata":{"emulator":{"name":"functions"},"message":"[worker-pool] Adding worker with key us-central1-sendB2cSubmission, total=1"}}
[debug] [2026-06-28T23:37:39.002Z] [runtime-status] [187876] Resolved module firebase-admin {"declared":true,"installed":true,"version":"13.10.0","resolution":"/home/romain/Code/bike-eco/functions/node_modules/firebase-admin/lib/index.js"} {"metadata":{"emulator":{"name":"functions"},"function":{"name":"us-central1-sendB2cSubmission"},"extension":{},"message":"[runtime-status] [187876] Resolved module firebase-admin {\"declared\":true,\"installed\":true,\"version\":\"13.10.0\",\"resolution\":\"/home/romain/Code/bike-eco/functions/node_modules/firebase-admin/lib/index.js\"}"}}
[debug] [2026-06-28T23:37:39.002Z] [runtime-status] [187876] Resolved module firebase-functions {"declared":true,"installed":true,"version":"7.2.5","resolution":"/home/romain/Code/bike-eco/functions/node_modules/firebase-functions/lib/v2/index.js"} {"metadata":{"emulator":{"name":"functions"},"function":{"name":"us-central1-sendB2cSubmission"},"extension":{},"message":"[runtime-status] [187876] Resolved module firebase-functions {\"declared\":true,\"installed\":true,\"version\":\"7.2.5\",\"resolution\":\"/home/romain/Code/bike-eco/functions/node_modules/firebase-functions/lib/v2/index.js\"}"}}
[debug] [2026-06-28T23:37:39.002Z] [runtime-status] [187876] Outgoing network have been stubbed. [{"name":"http","status":"mocked"},{"name":"http","status":"mocked"},{"name":"https","status":"mocked"},{"name":"https","status":"mocked"},{"name":"net","status":"mocked"}] {"metadata":{"emulator":{"name":"functions"},"function":{"name":"us-central1-sendB2cSubmission"},"extension":{},"message":"[runtime-status] [187876] Outgoing network have been stubbed. [{\"name\":\"http\",\"status\":\"mocked\"},{\"name\":\"http\",\"status\":\"mocked\"},{\"name\":\"https\",\"status\":\"mocked\"},{\"name\":\"https\",\"status\":\"mocked\"},{\"name\":\"net\",\"status\":\"mocked\"}]"}}
[debug] [2026-06-28T23:37:39.003Z] [runtime-status] [187876] Resolved module firebase-functions {"declared":true,"installed":true,"version":"7.2.5","resolution":"/home/romain/Code/bike-eco/functions/node_modules/firebase-functions/lib/v2/index.js"} {"metadata":{"emulator":{"name":"functions"},"function":{"name":"us-central1-sendB2cSubmission"},"extension":{},"message":"[runtime-status] [187876] Resolved module firebase-functions {\"declared\":true,\"installed\":true,\"version\":\"7.2.5\",\"resolution\":\"/home/romain/Code/bike-eco/functions/node_modules/firebase-functions/lib/v2/index.js\"}"}}
[debug] [2026-06-28T23:37:39.003Z] [runtime-status] [187876] Detected firebase-functions v7+, skipping legacy stubs. {"metadata":{"emulator":{"name":"functions"},"function":{"name":"us-central1-sendB2cSubmission"},"extension":{},"message":"[runtime-status] [187876] Detected firebase-functions v7+, skipping legacy stubs."}}
[debug] [2026-06-28T23:37:39.004Z] [runtime-status] [187876] Resolved module firebase-admin {"declared":true,"installed":true,"version":"13.10.0","resolution":"/home/romain/Code/bike-eco/functions/node_modules/firebase-admin/lib/index.js"} {"metadata":{"emulator":{"name":"functions"},"function":{"name":"us-central1-sendB2cSubmission"},"extension":{},"message":"[runtime-status] [187876] Resolved module firebase-admin {\"declared\":true,\"installed\":true,\"version\":\"13.10.0\",\"resolution\":\"/home/romain/Code/bike-eco/functions/node_modules/firebase-admin/lib/index.js\"}"}}
[debug] [2026-06-28T23:37:39.024Z] [runtime-status] [187876] Resolved module firebase-functions {"declared":true,"installed":true,"version":"7.2.5","resolution":"/home/romain/Code/bike-eco/functions/node_modules/firebase-functions/lib/v2/index.js"} {"metadata":{"emulator":{"name":"functions"},"function":{"name":"us-central1-sendB2cSubmission"},"extension":{},"message":"[runtime-status] [187876] Resolved module firebase-functions {\"declared\":true,\"installed\":true,\"version\":\"7.2.5\",\"resolution\":\"/home/romain/Code/bike-eco/functions/node_modules/firebase-functions/lib/v2/index.js\"}"}}
[debug] [2026-06-28T23:37:39.112Z] [runtime-status] [187876] firebase-admin has been stubbed. {"adminResolution":{"declared":true,"installed":true,"version":"13.10.0","resolution":"/home/romain/Code/bike-eco/functions/node_modules/firebase-admin/lib/index.js"}} {"metadata":{"emulator":{"name":"functions"},"function":{"name":"us-central1-sendB2cSubmission"},"extension":{},"message":"[runtime-status] [187876] firebase-admin has been stubbed. {\"adminResolution\":{\"declared\":true,\"installed\":true,\"version\":\"13.10.0\",\"resolution\":\"/home/romain/Code/bike-eco/functions/node_modules/firebase-admin/lib/index.js\"}}"}}
[debug] [2026-06-28T23:37:39.155Z] [runtime-status] [187876] Functions runtime initialized. {"cwd":"/home/romain/Code/bike-eco/functions","node_version":"24.15.0"} {"metadata":{"emulator":{"name":"functions"},"function":{"name":"us-central1-sendB2cSubmission"},"extension":{},"message":"[runtime-status] [187876] Functions runtime initialized. {\"cwd\":\"/home/romain/Code/bike-eco/functions\",\"node_version\":\"24.15.0\"}"}}
[debug] [2026-06-28T23:37:39.155Z] [runtime-status] [187876] Listening to port: /tmp/fire_emu_7db5c4588f5f8ecd.sock {"metadata":{"emulator":{"name":"functions"},"function":{"name":"us-central1-sendB2cSubmission"},"extension":{},"message":"[runtime-status] [187876] Listening to port: /tmp/fire_emu_7db5c4588f5f8ecd.sock"}}
[debug] [2026-06-28T23:37:39.260Z] [worker-us-central1-sendB2cSubmission-af4ec8c2-8b0f-4f1c-9c33-0908d64b0b2d]: IDLE {"metadata":{"emulator":{"name":"functions"},"function":{"name":"us-central1-sendB2cSubmission"},"extension":{},"message":"[worker-us-central1-sendB2cSubmission-af4ec8c2-8b0f-4f1c-9c33-0908d64b0b2d]: IDLE"}}
[debug] [2026-06-28T23:37:39.260Z] [worker-pool] submitRequest(triggerId=us-central1-sendB2cSubmission) {"metadata":{"emulator":{"name":"functions"},"message":"[worker-pool] submitRequest(triggerId=us-central1-sendB2cSubmission)"}}
[info] i  functions: Beginning execution of "us-central1-sendB2cSubmission" {"metadata":{"emulator":{"name":"functions"},"function":{"name":"us-central1-sendB2cSubmission"},"extension":{},"message":"Beginning execution of \"us-central1-sendB2cSubmission\""}}
[debug] [2026-06-28T23:37:39.262Z] [worker-us-central1-sendB2cSubmission-af4ec8c2-8b0f-4f1c-9c33-0908d64b0b2d]: BUSY {"metadata":{"emulator":{"name":"functions"},"function":{"name":"us-central1-sendB2cSubmission"},"extension":{},"message":"[worker-us-central1-sendB2cSubmission-af4ec8c2-8b0f-4f1c-9c33-0908d64b0b2d]: BUSY"}}
[info] >  {"severity":"ERROR","message":"Failed to send B2C emails Error: Invalid login: 535 5.7.0 ...authentication rejected\n    at SMTPConnection._formatError (/home/romain/Code/bike-eco/functions/node_modules/nodemailer/lib/smtp-connection/index.js:905:19)\n    at SMTPConnection._actionAUTHComplete (/home/romain/Code/bike-eco/functions/node_modules/nodemailer/lib/smtp-connection/index.js:1726:34)\n    at SMTPConnection.<anonymous> (/home/romain/Code/bike-eco/functions/node_modules/nodemailer/lib/smtp-connection/index.js:644:26)\n    at SMTPConnection._processResponse (/home/romain/Code/bike-eco/functions/node_modules/nodemailer/lib/smtp-connection/index.js:1099:20)\n    at SMTPConnection._onData (/home/romain/Code/bike-eco/functions/node_modules/nodemailer/lib/smtp-connection/index.js:865:14)\n    at SMTPConnection._onSocketData (/home/romain/Code/bike-eco/functions/node_modules/nodemailer/lib/smtp-connection/index.js:224:44)\n    at TLSSocket.emit (node:events:509:28)\n    at addChunk (node:internal/streams/readable:563:12)\n    at readableAddChunkPushByteMode (node:internal/streams/readable:514:3)\n    at Readable.push (node:internal/streams/readable:394:5) {\n  code: 'EAUTH',\n  response: '535 5.7.0 ...authentication rejected',\n  responseCode: 535,\n  command: 'AUTH PLAIN'\n}"} {"user":{"severity":"ERROR","message":"Failed to send B2C emails Error: Invalid login: 535 5.7.0 ...authentication rejected\n    at SMTPConnection._formatError (/home/romain/Code/bike-eco/functions/node_modules/nodemailer/lib/smtp-connection/index.js:905:19)\n    at SMTPConnection._actionAUTHComplete (/home/romain/Code/bike-eco/functions/node_modules/nodemailer/lib/smtp-connection/index.js:1726:34)\n    at SMTPConnection.<anonymous> (/home/romain/Code/bike-eco/functions/node_modules/nodemailer/lib/smtp-connection/index.js:644:26)\n    at SMTPConnection._processResponse (/home/romain/Code/bike-eco/functions/node_modules/nodemailer/lib/smtp-connection/index.js:1099:20)\n    at SMTPConnection._onData (/home/romain/Code/bike-eco/functions/node_modules/nodemailer/lib/smtp-connection/index.js:865:14)\n    at SMTPConnection._onSocketData (/home/romain/Code/bike-eco/functions/node_modules/nodemailer/lib/smtp-connection/index.js:224:44)\n    at TLSSocket.emit (node:events:509:28)\n    at addChunk (node:internal/streams/readable:563:12)\n    at readableAddChunkPushByteMode (node:internal/streams/readable:514:3)\n    at Readable.push (node:internal/streams/readable:394:5) {\n  code: 'EAUTH',\n  response: '535 5.7.0 ...authentication rejected',\n  responseCode: 535,\n  command: 'AUTH PLAIN'\n}"},"metadata":{"emulator":{"name":"functions"},"function":{"name":"us-central1-sendB2cSubmission"},"extension":{},"message":"\u001b[90m> \u001b[39m {\"severity\":\"ERROR\",\"message\":\"Failed to send B2C emails Error: Invalid login: 535 5.7.0 ...authentication rejected\\n    at SMTPConnection._formatError (/home/romain/Code/bike-eco/functions/node_modules/nodemailer/lib/smtp-connection/index.js:905:19)\\n    at SMTPConnection._actionAUTHComplete (/home/romain/Code/bike-eco/functions/node_modules/nodemailer/lib/smtp-connection/index.js:1726:34)\\n    at SMTPConnection.<anonymous> (/home/romain/Code/bike-eco/functions/node_modules/nodemailer/lib/smtp-connection/index.js:644:26)\\n    at SMTPConnection._processResponse (/home/romain/Code/bike-eco/functions/node_modules/nodemailer/lib/smtp-connection/index.js:1099:20)\\n    at SMTPConnection._onData (/home/romain/Code/bike-eco/functions/node_modules/nodemailer/lib/smtp-connection/index.js:865:14)\\n    at SMTPConnection._onSocketData (/home/romain/Code/bike-eco/functions/node_modules/nodemailer/lib/smtp-connection/index.js:224:44)\\n    at TLSSocket.emit (node:events:509:28)\\n    at addChunk (node:internal/streams/readable:563:12)\\n    at readableAddChunkPushByteMode (node:internal/streams/readable:514:3)\\n    at Readable.push (node:internal/streams/readable:394:5) {\\n  code: 'EAUTH',\\n  response: '535 5.7.0 ...authentication rejected',\\n  responseCode: 535,\\n  command: 'AUTH PLAIN'\\n}\"}"}}
[debug] [2026-06-28T23:37:39.483Z] Finishing up request with event=pause {"metadata":{"emulator":{"name":"functions"},"function":{"name":"us-central1-sendB2cSubmission"},"extension":{},"message":"Finishing up request with event=pause"}}
[info] i  functions: Finished "us-central1-sendB2cSubmission" in 221.283915ms {"metadata":{"emulator":{"name":"functions"},"function":{"name":"us-central1-sendB2cSubmission"},"extension":{},"message":"Finished \"us-central1-sendB2cSubmission\" in 221.283915ms"}}
[debug] [2026-06-28T23:37:39.484Z] [worker-us-central1-sendB2cSubmission-af4ec8c2-8b0f-4f1c-9c33-0908d64b0b2d]: IDLE {"metadata":{"emulator":{"name":"functions"},"function":{"name":"us-central1-sendB2cSubmission"},"extension":{},"message":"[worker-us-central1-sendB2cSubmission-af4ec8c2-8b0f-4f1c-9c33-0908d64b0b2d]: IDLE"}}
[debug] [2026-06-28T23:37:39.484Z] Finishing up request with event=finish {"metadata":{"emulator":{"name":"functions"},"function":{"name":"us-central1-sendB2cSubmission"},"extension":{},"message":"Finishing up request with event=finish"}}
[debug] [2026-06-28T23:37:39.484Z] Finishing up request with event=close {"metadata":{"emulator":{"name":"functions"},"function":{"name":"us-central1-sendB2cSubmission"},"extension":{},"message":"Finishing up request with event=close"}}
[debug] [2026-06-28T23:37:39.484Z] [work-queue] {"queuedWork":[],"queueLength":0,"runningWork":[],"workRunningCount":0}
[debug] [2026-06-28T23:37:39.953Z] [work-queue] {"queuedWork":["/bike-eco-641ed/us-central1/sendB2cSubmission-2026-06-28T23:37:39.953Z"],"queueLength":1,"runningWork":[],"workRunningCount":0}
[debug] [2026-06-28T23:37:39.954Z] [work-queue] {"queuedWork":[],"queueLength":0,"runningWork":["/bike-eco-641ed/us-central1/sendB2cSubmission-2026-06-28T23:37:39.953Z"],"workRunningCount":1}
[debug] [2026-06-28T23:37:39.954Z] Accepted request POST /bike-eco-641ed/us-central1/sendB2cSubmission --> us-central1-sendB2cSubmission
[debug] [2026-06-28T23:37:39.954Z] [functions] Runtime ready! Sending request! {"metadata":{"emulator":{"name":"functions"},"message":"[functions] Runtime ready! Sending request!"}}
[debug] [2026-06-28T23:37:39.954Z] [functions] Got req.url=/bike-eco-641ed/us-central1/sendB2cSubmission, mapping to path=/ {"metadata":{"emulator":{"name":"functions"},"message":"[functions] Got req.url=/bike-eco-641ed/us-central1/sendB2cSubmission, mapping to path=/"}}
[debug] [2026-06-28T23:37:39.954Z] [worker-pool] submitRequest(triggerId=us-central1-sendB2cSubmission) {"metadata":{"emulator":{"name":"functions"},"message":"[worker-pool] submitRequest(triggerId=us-central1-sendB2cSubmission)"}}
[info] i  functions: Beginning execution of "us-central1-sendB2cSubmission" {"metadata":{"emulator":{"name":"functions"},"function":{"name":"us-central1-sendB2cSubmission"},"extension":{},"message":"Beginning execution of \"us-central1-sendB2cSubmission\""}}
[debug] [2026-06-28T23:37:39.954Z] [worker-us-central1-sendB2cSubmission-af4ec8c2-8b0f-4f1c-9c33-0908d64b0b2d]: BUSY {"metadata":{"emulator":{"name":"functions"},"function":{"name":"us-central1-sendB2cSubmission"},"extension":{},"message":"[worker-us-central1-sendB2cSubmission-af4ec8c2-8b0f-4f1c-9c33-0908d64b0b2d]: BUSY"}}
[info] >  {"severity":"ERROR","message":"Failed to send B2C emails Error: Invalid login: 535 5.7.0 ...authentication rejected\n    at SMTPConnection._formatError (/home/romain/Code/bike-eco/functions/node_modules/nodemailer/lib/smtp-connection/index.js:905:19)\n    at SMTPConnection._actionAUTHComplete (/home/romain/Code/bike-eco/functions/node_modules/nodemailer/lib/smtp-connection/index.js:1726:34)\n    at SMTPConnection.<anonymous> (/home/romain/Code/bike-eco/functions/node_modules/nodemailer/lib/smtp-connection/index.js:644:26)\n    at SMTPConnection._processResponse (/home/romain/Code/bike-eco/functions/node_modules/nodemailer/lib/smtp-connection/index.js:1099:20)\n    at SMTPConnection._onData (/home/romain/Code/bike-eco/functions/node_modules/nodemailer/lib/smtp-connection/index.js:865:14)\n    at SMTPConnection._onSocketData (/home/romain/Code/bike-eco/functions/node_modules/nodemailer/lib/smtp-connection/index.js:224:44)\n    at TLSSocket.emit (node:events:509:28)\n    at addChunk (node:internal/streams/readable:563:12)\n    at readableAddChunkPushByteMode (node:internal/streams/readable:514:3)\n    at Readable.push (node:internal/streams/readable:394:5) {\n  code: 'EAUTH',\n  response: '535 5.7.0 ...authentication rejected',\n  responseCode: 535,\n  command: 'AUTH PLAIN'\n}"} {"user":{"severity":"ERROR","message":"Failed to send B2C emails Error: Invalid login: 535 5.7.0 ...authentication rejected\n    at SMTPConnection._formatError (/home/romain/Code/bike-eco/functions/node_modules/nodemailer/lib/smtp-connection/index.js:905:19)\n    at SMTPConnection._actionAUTHComplete (/home/romain/Code/bike-eco/functions/node_modules/nodemailer/lib/smtp-connection/index.js:1726:34)\n    at SMTPConnection.<anonymous> (/home/romain/Code/bike-eco/functions/node_modules/nodemailer/lib/smtp-connection/index.js:644:26)\n    at SMTPConnection._processResponse (/home/romain/Code/bike-eco/functions/node_modules/nodemailer/lib/smtp-connection/index.js:1099:20)\n    at SMTPConnection._onData (/home/romain/Code/bike-eco/functions/node_modules/nodemailer/lib/smtp-connection/index.js:865:14)\n    at SMTPConnection._onSocketData (/home/romain/Code/bike-eco/functions/node_modules/nodemailer/lib/smtp-connection/index.js:224:44)\n    at TLSSocket.emit (node:events:509:28)\n    at addChunk (node:internal/streams/readable:563:12)\n    at readableAddChunkPushByteMode (node:internal/streams/readable:514:3)\n    at Readable.push (node:internal/streams/readable:394:5) {\n  code: 'EAUTH',\n  response: '535 5.7.0 ...authentication rejected',\n  responseCode: 535,\n  command: 'AUTH PLAIN'\n}"},"metadata":{"emulator":{"name":"functions"},"function":{"name":"us-central1-sendB2cSubmission"},"extension":{},"message":"\u001b[90m> \u001b[39m {\"severity\":\"ERROR\",\"message\":\"Failed to send B2C emails Error: Invalid login: 535 5.7.0 ...authentication rejected\\n    at SMTPConnection._formatError (/home/romain/Code/bike-eco/functions/node_modules/nodemailer/lib/smtp-connection/index.js:905:19)\\n    at SMTPConnection._actionAUTHComplete (/home/romain/Code/bike-eco/functions/node_modules/nodemailer/lib/smtp-connection/index.js:1726:34)\\n    at SMTPConnection.<anonymous> (/home/romain/Code/bike-eco/functions/node_modules/nodemailer/lib/smtp-connection/index.js:644:26)\\n    at SMTPConnection._processResponse (/home/romain/Code/bike-eco/functions/node_modules/nodemailer/lib/smtp-connection/index.js:1099:20)\\n    at SMTPConnection._onData (/home/romain/Code/bike-eco/functions/node_modules/nodemailer/lib/smtp-connection/index.js:865:14)\\n    at SMTPConnection._onSocketData (/home/romain/Code/bike-eco/functions/node_modules/nodemailer/lib/smtp-connection/index.js:224:44)\\n    at TLSSocket.emit (node:events:509:28)\\n    at addChunk (node:internal/streams/readable:563:12)\\n    at readableAddChunkPushByteMode (node:internal/streams/readable:514:3)\\n    at Readable.push (node:internal/streams/readable:394:5) {\\n  code: 'EAUTH',\\n  response: '535 5.7.0 ...authentication rejected',\\n  responseCode: 535,\\n  command: 'AUTH PLAIN'\\n}\"}"}}
[debug] [2026-06-28T23:37:40.125Z] Finishing up request with event=pause {"metadata":{"emulator":{"name":"functions"},"function":{"name":"us-central1-sendB2cSubmission"},"extension":{},"message":"Finishing up request with event=pause"}}
[info] i  functions: Finished "us-central1-sendB2cSubmission" in 171.278158ms {"metadata":{"emulator":{"name":"functions"},"function":{"name":"us-central1-sendB2cSubmission"},"extension":{},"message":"Finished \"us-central1-sendB2cSubmission\" in 171.278158ms"}}
[debug] [2026-06-28T23:37:40.126Z] [worker-us-central1-sendB2cSubmission-af4ec8c2-8b0f-4f1c-9c33-0908d64b0b2d]: IDLE {"metadata":{"emulator":{"name":"functions"},"function":{"name":"us-central1-sendB2cSubmission"},"extension":{},"message":"[worker-us-central1-sendB2cSubmission-af4ec8c2-8b0f-4f1c-9c33-0908d64b0b2d]: IDLE"}}
[debug] [2026-06-28T23:37:40.126Z] Finishing up request with event=finish {"metadata":{"emulator":{"name":"functions"},"function":{"name":"us-central1-sendB2cSubmission"},"extension":{},"message":"Finishing up request with event=finish"}}
[debug] [2026-06-28T23:37:40.126Z] Finishing up request with event=close {"metadata":{"emulator":{"name":"functions"},"function":{"name":"us-central1-sendB2cSubmission"},"extension":{},"message":"Finishing up request with event=close"}}
[debug] [2026-06-28T23:37:40.126Z] [work-queue] {"queuedWork":[],"queueLength":0,"runningWork":[],"workRunningCount":0}
